
> family-budget-app@2.0.0 build
> vite build

[33mThe CJS build of Vite's Node API is deprecated. See https://vite.dev/guide/troubleshooting.html#vite-cjs-node-api-deprecated for more details.[39m
vite v5.4.21 building for production...
transforming...
✓ 893 modules transformed.
x Build failed in 595ms
error during build:
src/views/TaxOptimizerView.jsx (3:9): "PAY_METHODS" is not exported by "src/constants/index.js", imported by "src/views/TaxOptimizerView.jsx".
file: /Users/dongpayuk/wjin_forwork/어플개발_우진지연 budget/budget-v2/src/views/TaxOptimizerView.jsx:3:9

1: import { Card, SectionHeader, Bar } from "../components/UI";
2: import { fmt, fmtS } from "../utils/helpers";
3: import { PAY_METHODS } from "../constants";
            ^
4: 
5: export function TaxOptimizerView({tx, names, taxConfig, setTaxConfig}){

    at getRollupError (file:///Users/dongpayuk/wjin_forwork/%E1%84%8B%E1%85%A5%E1%84%91%E1%85%B3%E1%86%AF%E1%84%80%E1%85%A2%E1%84%87%E1%85%A1%E1%86%AF_%E1%84%8B%E1%85%AE%E1%84%8C%E1%85%B5%E1%86%AB%E1%84%8C%E1%85%B5%E1%84%8B%E1%85%A7%E1%86%AB%20budget/budget-v2/node_modules/rollup/dist/es/shared/parseAst.js:406:41)
    at error (file:///Users/dongpayuk/wjin_forwork/%E1%84%8B%E1%85%A5%E1%84%91%E1%85%B3%E1%86%AF%E1%84%80%E1%85%A2%E1%84%87%E1%85%A1%E1%86%AF_%E1%84%8B%E1%85%AE%E1%84%8C%E1%85%B5%E1%86%AB%E1%84%8C%E1%85%B5%E1%84%8B%E1%85%A7%E1%86%AB%20budget/budget-v2/node_modules/rollup/dist/es/shared/parseAst.js:402:42)
    at Module.error (file:///Users/dongpayuk/wjin_forwork/%E1%84%8B%E1%85%A5%E1%84%91%E1%85%B3%E1%86%AF%E1%84%80%E1%85%A2%E1%84%87%E1%85%A1%E1%86%AF_%E1%84%8B%E1%85%AE%E1%84%8C%E1%85%B5%E1%86%AB%E1%84%8C%E1%85%B5%E1%84%8B%E1%85%A7%E1%86%AB%20budget/budget-v2/node_modules/rollup/dist/es/shared/node-entry.js:17065:16)
    at Module.traceVariable (file:///Users/dongpayuk/wjin_forwork/%E1%84%8B%E1%85%A5%E1%84%91%E1%85%B3%E1%86%AF%E1%84%80%E1%85%A2%E1%84%87%E1%85%A1%E1%86%AF_%E1%84%8B%E1%85%AE%E1%84%8C%E1%85%B5%E1%86%AB%E1%84%8C%E1%85%B5%E1%84%8B%E1%85%A7%E1%86%AB%20budget/budget-v2/node_modules/rollup/dist/es/shared/node-entry.js:17477:29)
    at ModuleScope.findVariable (file:///Users/dongpayuk/wjin_forwork/%E1%84%8B%E1%85%A5%E1%84%91%E1%85%B3%E1%86%AF%E1%84%80%E1%85%A2%E1%84%87%E1%85%A1%E1%86%AF_%E1%84%8B%E1%85%AE%E1%84%8C%E1%85%B5%E1%86%AB%E1%84%8C%E1%85%B5%E1%84%8B%E1%85%A7%E1%86%AB%20budget/budget-v2/node_modules/rollup/dist/es/shared/node-entry.js:15090:39)
    at FunctionScope.findVariable (file:///Users/dongpayuk/wjin_forwork/%E1%84%8B%E1%85%A5%E1%84%91%E1%85%B3%E1%86%AF%E1%84%80%E1%85%A2%E1%84%87%E1%85%A1%E1%86%AF_%E1%84%8B%E1%85%AE%E1%84%8C%E1%85%B5%E1%86%AB%E1%84%8C%E1%85%B5%E1%84%8B%E1%85%A7%E1%86%AB%20budget/budget-v2/node_modules/rollup/dist/es/shared/node-entry.js:5676:38)
    at FunctionBodyScope.findVariable (file:///Users/dongpayuk/wjin_forwork/%E1%84%8B%E1%85%A5%E1%84%91%E1%85%B3%E1%86%AF%E1%84%80%E1%85%A2%E1%84%87%E1%85%A1%E1%86%AF_%E1%84%8B%E1%85%AE%E1%84%8C%E1%85%B5%E1%86%AB%E1%84%8C%E1%85%B5%E1%84%8B%E1%85%A7%E1%86%AB%20budget/budget-v2/node_modules/rollup/dist/es/shared/node-entry.js:5676:38)
    at MemberExpression.bind (file:///Users/dongpayuk/wjin_forwork/%E1%84%8B%E1%85%A5%E1%84%91%E1%85%B3%E1%86%AF%E1%84%80%E1%85%A2%E1%84%87%E1%85%A1%E1%86%AF_%E1%84%8B%E1%85%AE%E1%84%8C%E1%85%B5%E1%86%AB%E1%84%8C%E1%85%B5%E1%84%8B%E1%85%A7%E1%86%AB%20budget/budget-v2/node_modules/rollup/dist/es/shared/node-entry.js:7395:49)
    at CallExpression.bind (file:///Users/dongpayuk/wjin_forwork/%E1%84%8B%E1%85%A5%E1%84%91%E1%85%B3%E1%86%AF%E1%84%80%E1%85%A2%E1%84%87%E1%85%A1%E1%86%AF_%E1%84%8B%E1%85%AE%E1%84%8C%E1%85%B5%E1%86%AB%E1%84%8C%E1%85%B5%E1%84%8B%E1%85%A7%E1%86%AB%20budget/budget-v2/node_modules/rollup/dist/es/shared/node-entry.js:2832:23)
    at CallExpression.bind (file:///Users/dongpayuk/wjin_forwork/%E1%84%8B%E1%85%A5%E1%84%91%E1%85%B3%E1%86%AF%E1%84%80%E1%85%A2%E1%84%87%E1%85%A1%E1%86%AF_%E1%84%8B%E1%85%AE%E1%84%8C%E1%85%B5%E1%86%AB%E1%84%8C%E1%85%B5%E1%84%8B%E1%85%A7%E1%86%AB%20budget/budget-v2/node_modules/rollup/dist/es/shared/node-entry.js:12199:15)
